matches snapshot with one target namespace:
  1: |
    apiVersion: rbac.authorization.k8s.io/v1
    kind: RoleBinding
    metadata:
      name: octopus-agent-job-binding
      namespace: ns-1
    roleRef:
      apiGroup: rbac.authorization.k8s.io
      kind: Role
      name: octopus-agent-job-role
    subjects:
      - kind: ServiceAccount
        name: octopus-agent-job
        namespace: NAMESPACE
