should match snapshot:
  1: |
    apiVersion: v1
    kind: PersistentVolume
    metadata:
      annotations:
        pv.kubernetes.io/provisioned-by: nfs.csi.k8s.io
      name: octopus-agent-nfs-foo-release-name-pv-10gi
    spec:
      accessModes:
        - ReadWriteMany
      capacity:
        storage: 10Gi
      csi:
        driver: nfs.csi.k8s.io
        volumeAttributes:
          server: octopus-agent-nfs-foo.NAMESPACE.svc.cluster.local
          share: /
        volumeHandle: octopus-agent-nfs-foo.NAMESPACE.svc.cluster.local/octopus##
      mountOptions:
        - nfsvers=4.1
        - lookupcache=none
        - soft
        - timeo=50
        - retrans=4
      persistentVolumeReclaimPolicy: Retain
      storageClassName: octopus-agent-nfs-foo-RELEASE-NAME-csi
