should match snapshot:
  1: |
    apiVersion: apps/v1
    kind: StatefulSet
    metadata:
      labels:
        app.kubernetes.io/name: octopus-agent-nfs-blah
      name: octopus-agent-nfs-blah
      namespace: NAMESPACE
    spec:
      selector:
        matchLabels:
          app.kubernetes.io/name: octopus-agent-nfs-blah
      template:
        metadata:
          labels:
            app.kubernetes.io/name: octopus-agent-nfs-blah
        spec:
          affinity:
            nodeAffinity:
              requiredDuringSchedulingIgnoredDuringExecution:
                nodeSelectorTerms:
                  - matchExpressions:
                      - key: kubernetes.io/os
                        operator: In
                        values:
                          - linux
                      - key: kubernetes.io/arch
                        operator: In
                        values:
                          - arm64
                          - amd64
          containers:
            - env:
                - name: SHARED_DIRECTORY
                  value: /octopus
                - name: SYNC
                  value: "true"
              image: octopusdeploy/nfs-server:1.0.1
              imagePullPolicy: IfNotPresent
              name: octopus-agent-nfs-blah
              ports:
                - containerPort: 2049
              resources:
                requests:
                  cpu: 50m
                  memory: 50Mi
              securityContext:
                privileged: true
              volumeMounts:
                - mountPath: /octopus
                  name: octopus-volume
          terminationGracePeriodSeconds: 30
          volumes:
            - emptyDir:
                sizeLimit: 10Gi
              name: octopus-volume
