matches the snapshot:
  1: |
    apiVersion: v1
    data:
      HTTP_PROXY: aHR0cDovL2V4YW1wbGUuY29tOjEyMzQ=
      HTTPS_PROXY: aHR0cHM6Ly9leGFtcGxlLmNvbToxMjM0
      NO_PROXY: ZXhhbXBsZS5jb20sbG9jYWxob3N0LDEyNy4wLjAuMQ==
      http_proxy: aHR0cDovL2V4YW1wbGUuY29tOjEyMzQ=
      https_proxy: aHR0cHM6Ly9leGFtcGxlLmNvbToxMjM0
      no_proxy: ZXhhbXBsZS5jb20sbG9jYWxob3N0LDEyNy4wLjAuMQ==
    kind: Secret
    metadata:
      name: scripts-proxies
      namespace: NAMESPACE
