should match snapshot:
  1: |
    apiVersion: rbac.authorization.k8s.io/v1
    kind: ClusterRole
    metadata:
      name: octopus-agent-scripts-RELEASE-NAME-role-blah
    rules:
      - apiGroups:
          - '*'
        resources:
          - '*'
        verbs:
          - '*'
      - nonResourceURLs:
          - '*'
        verbs:
          - '*'
  2: |
    apiVersion: rbac.authorization.k8s.io/v1
    kind: ClusterRole
    metadata:
      name: octopus-agent-scripts-RELEASE-NAME-delete-role
    rules:
      - apiGroups:
          - '*'
        resources:
          - pods
        verbs:
          - delete
          - list
