should match snapshot:
  1: |
    apiVersion: rbac.authorization.k8s.io/v1
    kind: Role
    metadata:
      annotations:
        helm.sh/hook: pre-install
        helm.sh/hook-delete-policy: before-hook-creation,hook-succeeded
        helm.sh/hook-weight: "-10"
      name: octopus-agent-tentacle-pre-role
      namespace: NAMESPACE
    rules:
      - apiGroups:
          - ""
        resources:
          - configmaps
          - secrets
        verbs:
          - get
          - list
          - watch
          - create
          - update
          - patch
          - delete
