should match snapshot:
  1: |
    apiVersion: policy/v1
    kind: PodDisruptionBudget
    metadata:
      name: script-pod-disruption-budget
      namespace: NAMESPACE
    spec:
      minAvailable: 8888
      selector:
        matchExpressions:
          - key: octopus.com/scriptTicketId
            operator: Exists
