should match snapshot:
  1: |
    apiVersion: v1
    automountServiceAccountToken: true
    kind: ServiceAccount
    metadata:
      labels:
        app.kubernetes.io/instance: RELEASE-NAME
        app.kubernetes.io/managed-by: Helm
        app.kubernetes.io/name: octopus-agent
        app.kubernetes.io/version: 8.3.3034
        helm.sh/chart: kubernetes-agent-2.17.0
      name: octopus-agent-tentacle
      namespace: NAMESPACE
