should match snapshot:
  1: |
    apiVersion: rbac.authorization.k8s.io/v1
    kind: RoleBinding
    metadata:
      name: octopus-agent-tentacle-binding
      namespace: NAMESPACE
    roleRef:
      apiGroup: rbac.authorization.k8s.io
      kind: Role
      name: octopus-agent-tentacle-role
    subjects:
      - kind: ServiceAccount
        name: octopus-agent-tentacle
        namespace: NAMESPACE
