should match snapshot when storageClassName is set:
  1: |
    apiVersion: v1
    kind: PersistentVolumeClaim
    metadata:
      labels:
        app.kubernetes.io/instance: RELEASE-NAME
        app.kubernetes.io/managed-by: Helm
        app.kubernetes.io/name: octopus-agent
        app.kubernetes.io/version: 8.1.1494
        helm.sh/chart: kubernetes-agent-0.10.0
      name: octopus-agent-RELEASE-NAME-pvc
    spec:
      accessModes:
        - ReadWriteMany
      resources:
        requests:
          storage: 10Gi
      storageClassName: my-storage-class
