should match snapshot:
  1: |
    apiVersion: apps/v1
    kind: Deployment
    metadata:
      labels:
        app.kubernetes.io/instance: RELEASE-NAME
        app.kubernetes.io/managed-by: Helm
        app.kubernetes.io/name: octopus-agent
        app.kubernetes.io/version: 8.2.2165
        helm.sh/chart: kubernetes-agent-2.2.1
      name: octopus-agent-tentacle
      namespace: NAMESPACE
    spec:
      replicas: 1
      selector:
        matchLabels:
          app.kubernetes.io/instance: RELEASE-NAME
          app.kubernetes.io/name: octopus-agent
      template:
        metadata:
          labels:
            app.kubernetes.io/instance: RELEASE-NAME
            app.kubernetes.io/managed-by: Helm
            app.kubernetes.io/name: octopus-agent
            app.kubernetes.io/version: 8.2.2165
            helm.sh/chart: kubernetes-agent-2.2.1
        spec:
          affinity:
            nodeAffinity:
              requiredDuringSchedulingIgnoredDuringExecution:
                nodeSelectorTerms:
                  - matchExpressions:
                      - key: kubernetes.io/os
                        operator: In
                        values:
                          - linux
                      - key: kubernetes.io/arch
                        operator: In
                        values:
                          - arm64
                          - amd64
          containers:
            - env:
                - name: ACCEPT_EULA
                  value: "N"
                - name: AgentName
                  value: ""
                - name: ServerCommsAddresses
                  value: ""
                - name: ServerCommsAddress
                  value: ""
                - name: ServerUrl
                  value: ""
                - name: Space
                  value: Default
                - name: DeploymentTargetEnabled
                  value: "false"
                - name: TargetEnvironment
                  value: ""
                - name: TargetRole
                  value: ""
                - name: TargetTenant
                  value: ""
                - name: TargetTenantTag
                  value: ""
                - name: DefaultNamespace
                  value: ""
                - name: TargetTenantedDeploymentParticipation
                  value: Untenanted
                - name: WorkerEnabled
                  value: "false"
                - name: WorkerPools
                  value: ""
                - name: OCTOPUS__K8STENTACLE__NAMESPACE
                  value: NAMESPACE
                - name: OCTOPUS__K8STENTACLE__PODSERVICEACCOUNTNAME
                  value: octopus-agent-scripts
                - name: OCTOPUS__K8STENTACLE__PODVOLUMECLAIMNAME
                  value: octopus-agent-nfs-release-name-pvc-10gi
                - name: OCTOPUS__K8STENTACLE__HELMRELEASENAME
                  value: RELEASE-NAME
                - name: OCTOPUS__K8STENTACLE__HELMCHARTVERSION
                  value: 2.2.1
                - name: OCTOPUS__K8STENTACLE__DISABLEAUTOPODCLEANUP
                  value: "false"
                - name: OCTOPUS__K8STENTACLE__DISABLEPODEVENTSINTASKLOG
                  value: "false"
                - name: OCTOPUS__K8STENTACLE__NFSWATCHDOGIMAGE
                  value: octopusdeploy/kubernetes-agent-nfs-watchdog:0.2.0
                - name: OCTOPUS__TENTACLE__LOGLEVEL
                  value: Info
                - name: TentacleHome
                  value: /octopus
                - name: TentacleApplications
                  value: /octopus/Applications
                - name: TentaclePollingConnectionCount
                  value: "5"
                - name: OCTOPUS__K8STENTACLE__ENABLEMETRICSCAPTURE
                  value: "true"
                - name: OCTOPUS__K8STENTACLE__PODRESOURCEJSON
                  value: '{"requests":{"cpu":"25m","memory":"100Mi"}}'
                - name: OCTOPUS__K8STENTACLE__PODAFFINITYJSON
                  value: '{"nodeAffinity":{"requiredDuringSchedulingIgnoredDuringExecution":{"nodeSelectorTerms":[{"matchExpressions":[{"key":"kubernetes.io/os","operator":"In","values":["linux"]},{"key":"kubernetes.io/arch","operator":"In","values":["arm64","amd64"]}]}]}}}'
                - name: OCTOPUS__K8STENTACLE__PERSISTENTVOLUMESIZE
                  value: 10Gi
              image: octopusdeploy/kubernetes-agent-tentacle:8.2.2165
              imagePullPolicy: IfNotPresent
              name: octopus-agent-tentacle
              resources:
                requests:
                  cpu: 100m
                  memory: 150Mi
              startupProbe:
                exec:
                  command:
                    - cat
                    - /etc/octopus/initialized
                failureThreshold: 100
                initialDelaySeconds: 2
                periodSeconds: 2
              volumeMounts:
                - mountPath: /octopus
                  name: tentacle-home
            - env:
                - name: watchdog_directory
                  value: /octopus
              image: octopusdeploy/kubernetes-agent-nfs-watchdog:0.2.0
              imagePullPolicy: IfNotPresent
              name: nfs-watchdog
              volumeMounts:
                - mountPath: /octopus
                  name: tentacle-home
          serviceAccountName: octopus-agent-tentacle
          volumes:
            - name: tentacle-home
              persistentVolumeClaim:
                claimName: octopus-agent-nfs-release-name-pvc-10gi
